{"logTime": "1003/020701", "correlationVector":"kto5KTsRSfzRB1yPwrsscd.1","action":"SyncServerConnectionManagerRequest", "result":"SYNC_SERVER_OK", "context":{"environment":"Prod_japaneast_prod-s01-061-apac-japaneast", "migrationStage":"NotStarted", "server":"akswtt1160000gr"}}
{"logTime": "1003/020701", "correlationVector":"kto5KTsRSfzRB1yPwrsscd.2","action":"ProcessGetUpdates", "result":"Done", "context":{"dataType":"Encryption Keys", "deleted":"0", "process_failed_to_decrypt":"0", "process_pending_decryption":"0", "process_success":"1", "total":"1"}}
{"logTime": "1003/020701", "correlationVector":"Fu5KFnGBH1HOYqi0021uG4","action":"SyncServerConnectionManagerRequest", "result":"SYNC_SERVER_OK", "context":{"environment":"", "migrationStage":"", "server":""}}
{"logTime": "1003/020701", "correlationVector":"Fu5KFnGBH1HOYqi0021uG4.0","action":"EncryptionKeysFetcher.DownloadKeys:", "result":"Success", "context":Key count: 4, Last key timestamp: 2026-04-28T11:22:05Z}
{"logTime": "1003/020701", "correlationVector":"Fu5KFnGBH1HOYqi0021uG4.1","action":"EncryptionKeysManager::SetEncryptionKeys:", "result":"Success", "context":Key names[4]:[oXNXpZnQdGq1IPOwAIPSb2ahhBMg89W9fpcayW8Se4mKLn4xrEpq6JQVHWRfRki39pDTZu8V7+oOb3Wa1mFaBg==][6JvPkYdiA56hlXxw7miTHIRkLQv3LQvPLNzFxZ3E1qS4tC4ARXszPi0Anu+dFremIX0iD8yknE6ZE8QX6Oi9uQ==][ifVTAyWN3wteQRPN4Hc7mZEn7SaKbVmyN3p8adNWNyljMyId5y06jvRpZzO7gy+B6EkOJy/LHgzdtagE5vOyEQ==][7849j+V+0Sly7d+HM3tFJIw1/FE9lmuW6FoQ7hFj++tV6+ezal950e+55UdpvZ++7VxJ7owK4aw8mYlP70jQeg==]}
{"logTime": "1003/020701", "correlationVector":"Fu5KFnGBH1HOYqi0021uG4.2","action":"EncryptionKeysManager::SetEncryptionKeysWithTimestamps:", "result":"Success", "context":Key timestamps[4]:[2021-08-08T07:15:49Z][2022-10-08T12:23:41Z][2023-06-08T13:36:06Z][2026-04-28T11:22:05Z]}
{"logTime": "1003/020701", "correlationVector":"kto5KTsRSfzRB1yPwrsscd","action":"Initial GetUpdates", "result":"", "context":Reason: NEW_CLIENT. cV=kto5KTsRSfzRB1yPwrsscd}
{"logTime": "1003/020701", "correlationVector":"kto5KTsRSfzRB1yPwrsscd.3","action":"GetUpdates Response", "result":"Success", "context":Received 1 update(s). cV=kto5KTsRSfzRB1yPwrsscd.0;server=akswtt1160000gr;cloudType=Consumer;environment=Prod_japaneast_prod-s01-061-apac-japaneast;migrationStage=NotStarted}
{"logTime": "1003/020701", "correlationVector":"Lmazx4uk2ii52/ve1Hrkop","action":"Initial GetUpdates", "result":"", "context":Reason: NEWLY_SUPPORTED_DATATYPE. cV=Lmazx4uk2ii52/ve1Hrkop}
{"logTime": "1003/020702", "correlationVector":"Lmazx4uk2ii52/ve1Hrkop.1","action":"SyncServerConnectionManagerRequest", "result":"SYNC_SERVER_OK", "context":{"environment":"Prod_japaneast_prod-s01-061-apac-japaneast", "migrationStage":"NotStarted", "server":"akswtt1160000ii"}}
{"logTime": "1003/020702", "correlationVector":"Lmazx4uk2ii52/ve1Hrkop.2","action":"ProcessGetUpdates", "result":"Done", "context":{"dataType":"Passwords", "deleted":"1", "process_failed_to_decrypt":"0", "process_pending_decryption":"0", "process_success":"40", "total":"40"}}
{"logTime": "1003/020702", "correlationVector":"Lmazx4uk2ii52/ve1Hrkop.3","action":"ProcessGetUpdates", "result":"Done", "context":{"dataType":"Device Info", "deleted":"0", "process_failed_to_decrypt":"0", "process_pending_decryption":"0", "process_success":"22", "total":"22"}}
{"logTime": "1003/020702", "correlationVector":"Lmazx4uk2ii52/ve1Hrkop.4","action":"GetUpdates Response", "result":"Success", "context":Received 62 update(s). cV=Lmazx4uk2ii52/ve1Hrkop.0;server=akswtt1160000ii;cloudType=Consumer;environment=Prod_japaneast_prod-s01-061-apac-japaneast;migrationStage=NotStarted}
{"logTime": "1003/020702", "correlationVector":"AjDDRuXB8W/hE/LvCJRaNg","action":"Initial GetUpdates", "result":"", "context":Reason: NEWLY_SUPPORTED_DATATYPE. cV=AjDDRuXB8W/hE/LvCJRaNg}
{"logTime": "1003/020703", "correlationVector":"AjDDRuXB8W/hE/LvCJRaNg.1","action":"SyncServerConnectionManagerRequest", "result":"SYNC_SERVER_OK", "context":{"environment":"Prod_japaneast_prod-s01-061-apac-japaneast", "migrationStage":"NotStarted", "server":"akswtt1160000b6"}}
{"logTime": "1003/020703", "correlationVector":"AjDDRuXB8W/hE/LvCJRaNg.2","action":"ProcessGetUpdates", "result":"Done", "context":{"dataType":"Bookmarks", "deleted":"2", "process_failed_to_decrypt":"0", "process_pending_decryption":"0", "process_success":"17", "total":"17"}}
{"logTime": "1003/020703", "correlationVector":"AjDDRuXB8W/hE/LvCJRaNg.3","action":"ProcessGetUpdates", "result":"Done", "context":{"dataType":"Preferences", "deleted":"0", "process_failed_to_decrypt":"0", "process_pending_decryption":"0", "process_success":"56", "total":"56"}}
{"logTime": "1003/020703", "correlationVector":"AjDDRuXB8W/hE/LvCJRaNg.4","action":"ProcessGetUpdates", "result":"Done", "context":{"dataType":"Autofill Profiles", "deleted":"0", "process_failed_to_decrypt":"0", "process_pending_decryption":"0", "process_success":"1", "total":"1"}}
{"logTime": "1003/020703", "correlationVector":"AjDDRuXB8W/hE/LvCJRaNg.5","action":"ProcessGetUpdates", "result":"Done", "context":{"dataType":"Autofill", "deleted":"0", "process_failed_to_decrypt":"0", "process_pending_decryption":"0", "process_success":"86", "total":"86"}}
{"logTime": "1003/020703", "correlationVector":"AjDDRuXB8W/hE/LvCJRaNg.6","action":"ProcessGetUpdates", "result":"Done", "context":{"dataType":"Sessions", "deleted":"90", "process_failed_to_decrypt":"0", "process_pending_decryption":"0", "process_success":"90", "total":"90"}}
{"logTime": "1003/020703", "correlationVector":"AjDDRuXB8W/hE/LvCJRaNg.7","action":"GetUpdates Response", "result":"Success", "context":Received 250 update(s). cV=AjDDRuXB8W/hE/LvCJRaNg.0;server=akswtt1160000b6;cloudType=Consumer;environment=Prod_japaneast_prod-s01-061-apac-japaneast;migrationStage=NotStarted Some updates remain.}
{"logTime": "1003/020703", "correlationVector":"VAvpR4EykJpPuTOjguEaTa","action":"Initial GetUpdates", "result":"", "context":Reason: NEWLY_SUPPORTED_DATATYPE. cV=VAvpR4EykJpPuTOjguEaTa}
{"logTime": "1003/020703", "correlationVector":"VAvpR4EykJpPuTOjguEaTa.1","action":"SyncServerConnectionManagerRequest", "result":"SYNC_SERVER_OK", "context":{"environment":"Prod_japaneast_prod-s01-061-apac-japaneast", "migrationStage":"NotStarted", "server":"akswtt1160000b6"}}
{"logTime": "1003/020703", "correlationVector":"VAvpR4EykJpPuTOjguEaTa.2","action":"ProcessGetUpdates", "result":"Done", "context":{"dataType":"Bookmarks", "deleted":"0", "process_failed_to_decrypt":"0", "process_pending_decryption":"0", "process_success":"2", "total":"2"}}
{"logTime": "1003/020703", "correlationVector":"VAvpR4EykJpPuTOjguEaTa.3","action":"ProcessGetUpdates", "result":"Done", "context":{"dataType":"Preferences", "deleted":"0", "process_failed_to_decrypt":"0", "process_pending_decryption":"0", "process_success":"1", "total":"1"}}
{"logTime": "1003/020703", "correlationVector":"VAvpR4EykJpPuTOjguEaTa.4","action":"ProcessGetUpdates", "result":"Done", "context":{"dataType":"Autofill", "deleted":"0", "process_failed_to_decrypt":"0", "process_pending_decryption":"0", "process_success":"7", "total":"7"}}
{"logTime": "1003/020703", "correlationVector":"VAvpR4EykJpPuTOjguEaTa.5","action":"ProcessGetUpdates", "result":"Done", "context":{"dataType":"Sessions", "deleted":"233", "process_failed_to_decrypt":"0", "process_pending_decryption":"0", "process_success":"233", "total":"233"}}
{"logTime": "1003/020703", "correlationVector":"VAvpR4EykJpPuTOjguEaTa.6","action":"ProcessGetUpdates", "result":"Done", "context":{"dataType":"Edge Hub App Usage", "deleted":"0", "process_failed_to_decrypt":"0", "process_pending_decryption":"0", "process_success":"7", "total":"7"}}
{"logTime": "1003/020703", "correlationVector":"VAvpR4EykJpPuTOjguEaTa.7","action":"GetUpdates Response", "result":"Success", "context":Received 250 update(s). cV=VAvpR4EykJpPuTOjguEaTa.0;server=akswtt1160000b6;cloudType=Consumer;environment=Prod_japaneast_prod-s01-061-apac-japaneast;migrationStage=NotStarted Some updates remain.}
{"logTime": "1003/020703", "correlationVector":"NvHjGeaZngillGs99C2H0A","action":"Initial GetUpdates", "result":"", "context":Reason: NEWLY_SUPPORTED_DATATYPE. cV=NvHjGeaZngillGs99C2H0A}
{"logTime": "1003/020704", "correlationVector":"NvHjGeaZngillGs99C2H0A.1","action":"SyncServerConnectionManagerRequest", "result":"SYNC_SERVER_OK", "context":{"environment":"Prod_japaneast_prod-s01-061-apac-japaneast", "migrationStage":"NotStarted", "server":"akswtt1160000db"}}
{"logTime": "1003/020704", "correlationVector":"NvHjGeaZngillGs99C2H0A.2","action":"ProcessGetUpdates", "result":"Done", "context":{"dataType":"Preferences", "deleted":"0", "process_failed_to_decrypt":"0", "process_pending_decryption":"0", "process_success":"3", "total":"3"}}
{"logTime": "1003/020704", "correlationVector":"NvHjGeaZngillGs99C2H0A.3","action":"ProcessGetUpdates", "result":"Done", "context":{"dataType":"Autofill", "deleted":"0", "process_failed_to_decrypt":"0", "process_pending_decryption":"0", "process_success":"26", "total":"26"}}
{"logTime": "1003/020704", "correlationVector":"NvHjGeaZngillGs99C2H0A.4","action":"ProcessGetUpdates", "result":"Done", "context":{"dataType":"Sessions", "deleted":"217", "process_failed_to_decrypt":"0", "process_pending_decryption":"0", "process_success":"217", "total":"217"}}
{"logTime": "1003/020704", "correlationVector":"NvHjGeaZngillGs99C2H0A.5","action":"ProcessGetUpdates", "result":"Done", "context":{"dataType":"Edge Hub App Usage", "deleted":"0", "process_failed_to_decrypt":"0", "process_pending_decryption":"0", "process_success":"4", "total":"4"}}
{"logTime": "1003/020704", "correlationVector":"NvHjGeaZngillGs99C2H0A.6","action":"GetUpdates Response", "result":"Success", "context":Received 250 update(s). cV=NvHjGeaZngillGs99C2H0A.0;server=akswtt1160000db;cloudType=Consumer;environment=Prod_japaneast_prod-s01-061-apac-japaneast;migrationStage=NotStarted Some updates remain.}
{"logTime": "1003/020704", "correlationVector":"+OA5H+6xZoWZhTM715lZEz","action":"Initial GetUpdates", "result":"", "context":Reason: NEWLY_SUPPORTED_DATATYPE. cV=+OA5H+6xZoWZhTM715lZEz}
{"logTime": "1003/020705", "correlationVector":"+OA5H+6xZoWZhTM715lZEz.1","action":"SyncServerConnectionManagerRequest", "result":"SYNC_SERVER_OK", "context":{"environment":"Prod_japaneast_prod-s01-061-apac-japaneast", "migrationStage":"NotStarted", "server":"akswtt1160000gd"}}
{"logTime": "1003/020705", "correlationVector":"+OA5H+6xZoWZhTM715lZEz.2","action":"ProcessGetUpdates", "result":"Done", "context":{"dataType":"Sessions", "deleted":"246", "process_failed_to_decrypt":"0", "process_pending_decryption":"0", "process_success":"246", "total":"246"}}
{"logTime": "1003/020705", "correlationVector":"+OA5H+6xZoWZhTM715lZEz.3","action":"ProcessGetUpdates", "result":"Done", "context":{"dataType":"Saved Tab Group", "deleted":"1", "process_failed_to_decrypt":"0", "process_pending_decryption":"0", "process_success":"4", "total":"4"}}
{"logTime": "1003/020705", "correlationVector":"+OA5H+6xZoWZhTM715lZEz.4","action":"GetUpdates Response", "result":"Success", "context":Received 250 update(s). cV=+OA5H+6xZoWZhTM715lZEz.0;server=akswtt1160000gd;cloudType=Consumer;environment=Prod_japaneast_prod-s01-061-apac-japaneast;migrationStage=NotStarted Some updates remain.}
{"logTime": "1003/020705", "correlationVector":"XGdtgu/w+xURjHguR9R3+n","action":"Initial GetUpdates", "result":"", "context":Reason: NEWLY_SUPPORTED_DATATYPE. cV=XGdtgu/w+xURjHguR9R3+n}
{"logTime": "1003/020705", "correlationVector":"XGdtgu/w+xURjHguR9R3+n","action":"SyncServerConnectionManagerRequest", "result":"CONNECTION_UNAVAILABLE", "context":{"error_type":"net_error_code", "error_value":"-3"}}
