{"logTime": "0414/103115", "correlationVector":"t85t1pAnRwCIZBa8QzHsA/.1","action":"SyncServerConnectionManagerRequest", "result":"SYNC_SERVER_OK", "context":{"environment":"Prod_japaneast_prod-s01-061-apac-japaneast", "migrationStage":"NotStarted", "server":"akswtt11200000f"}}
{"logTime": "0414/103117", "correlationVector":"t85t1pAnRwCIZBa8QzHsA/.2","action":"AAD.Mip.Unpack", "result":"Success", "context":MIP_CLOUD_COMMERCIAL:Success}
{"logTime": "0414/103117", "correlationVector":"t85t1pAnRwCIZBa8QzHsA/.3","action":"EncryptionKeysManager::SetEncryptionKeys:", "result":"Success", "context":Key names[9]:[9wauk65INceAsamZTr8pEGzvG+0Q+SUN+C9Dm5oYViRvItzNqs/RCpUj+MgGJ67b8pco7kh6TpkWWK7N32sWAA==][xBepi3ZGYp+A7euULpb9BuQohR8lrc3bEbPatxYeCKQcvOhPOEe7HOug0Qwah+2oz7T3s/fauS0/MkVDC2ihqQ==][mm51QZaB1rQV7mkoK64SzqaitDYGSYF1KC+F/bVrU6MmebHHNawYJa4E+YXktiiExOqGOXoJRTmN4HY1PjnWBw==][CGq9EifzDZLS4rT9oXFnxz4t8oGcp5cNupRUjqKXrASLbxBzU+3x7t6zuivGM+jscUhuKBkaEeI2O8/pgAQZgQ==][3/cV2S5mHdKqSCMderShxudoL+KAcqC/3/EtXjZ7K5IxyqJfNuRsR9afxhVSon22S0wcYkEmSThJ/U8JPFB8pQ==][prq3QR+OfwE2Vyb5rcFk7Kext8nGh7qYuDa1ZNtEE8DcvqMcYYc10qffwn27QICzl+RczLBIA4zVhls8lrlerA==][cWL4C/zWH7/S3BDAiQJRX8LALYmDuGhYjQbvV645+NRVl18vgQCIFcfOPswWYM9E1oWIPcbzMycQSyQ5QD24Jw==][hV1ucB/mWiXk+uL8d9j9+cje/5mrwZen5UtpxWFg3OZyMc0uXwY0DWcXUOpvsFONJgUhJBSjVZuFS/p3kR24Eg==][na7SkxgW/BUEFGZRa+p91UdGiV8PqU8DtCP6ZR6i8Oc3pWNZvp9o6uk4J39IbjCMdhKvllDVq0d6c+fsaG+WSQ==]}
{"logTime": "0414/103117", "correlationVector":"t85t1pAnRwCIZBa8QzHsA/.4","action":"AAD.GetKeyResponse", "result":"Success", "context":Keys=9.LastKeyStatus=Active. 2025-11-27 09:01:35 +09.State=None. Tags: Current_encryption_keys_tag = 77+9FhZ877+9Bu+/vdCj77+977+977+977+9Pe+/vStb360Tde+/vSfvv70f77+9ZO+/ve+/vUDvv73vv70=, Updated_current_encryption_keys_tag = Empty. Emails: ["a517952@i2.win.isuzu.co.jp"]}
{"logTime": "0414/103117", "correlationVector":"t85t1pAnRwCIZBa8QzHsA/.5","action":"ProcessGetUpdates", "result":"Done", "context":{"dataType":"Encryption Keys", "deleted":"0", "process_failed_to_decrypt":"0", "process_pending_decryption":"0", "process_success":"1", "total":"1"}}
{"logTime": "0414/103117", "correlationVector":"t85t1pAnRwCIZBa8QzHsA/","action":"Initial GetUpdates", "result":"", "context":Reason: NEW_CLIENT. cV=t85t1pAnRwCIZBa8QzHsA/}
{"logTime": "0414/103117", "correlationVector":"t85t1pAnRwCIZBa8QzHsA/.6","action":"GetUpdates Response", "result":"Success", "context":Received 1 update(s). cV=t85t1pAnRwCIZBa8QzHsA/.0;server=akswtt11200000f;cloudType=Multitenant;environment=Prod_japaneast_prod-s01-061-apac-japaneast;migrationStage=NotStarted}
{"logTime": "0414/103117", "correlationVector":"Y97NfQu/Q2rhdRMmDB+V3E","action":"Initial GetUpdates", "result":"", "context":Reason: NEW_CLIENT. cV=Y97NfQu/Q2rhdRMmDB+V3E}
{"logTime": "0414/103117", "correlationVector":"Y97NfQu/Q2rhdRMmDB+V3E.1","action":"SyncServerConnectionManagerRequest", "result":"SYNC_SERVER_OK", "context":{"environment":"Prod_japaneast_prod-s01-061-apac-japaneast", "migrationStage":"NotStarted", "server":"akswtt11200000u"}}
{"logTime": "0414/103117", "correlationVector":"Y97NfQu/Q2rhdRMmDB+V3E.2","action":"ProcessGetUpdates", "result":"Done", "context":{"dataType":"Preferences", "deleted":"0", "process_failed_to_decrypt":"0", "process_pending_decryption":"0", "process_success":"88", "total":"88"}}
{"logTime": "0414/103117", "correlationVector":"Y97NfQu/Q2rhdRMmDB+V3E.3","action":"ProcessGetUpdates", "result":"Done", "context":{"dataType":"Passwords", "deleted":"0", "process_failed_to_decrypt":"0", "process_pending_decryption":"0", "process_success":"85", "total":"85"}}
{"logTime": "0414/103117", "correlationVector":"Y97NfQu/Q2rhdRMmDB+V3E.4","action":"ProcessGetUpdates", "result":"Done", "context":{"dataType":"Device Info", "deleted":"0", "process_failed_to_decrypt":"0", "process_pending_decryption":"0", "process_success":"8", "total":"8"}}
{"logTime": "0414/103117", "correlationVector":"Y97NfQu/Q2rhdRMmDB+V3E.5","action":"GetUpdates Response", "result":"Success", "context":Received 181 update(s). cV=Y97NfQu/Q2rhdRMmDB+V3E.0;server=akswtt11200000u;cloudType=Multitenant;environment=Prod_japaneast_prod-s01-061-apac-japaneast;migrationStage=NotStarted}
{"logTime": "0414/103117", "correlationVector":"zTluXcn1uQw7I54MAx1FH+","action":"Initial GetUpdates", "result":"", "context":Reason: NEW_CLIENT. cV=zTluXcn1uQw7I54MAx1FH+}
{"logTime": "0414/103117", "correlationVector":"zTluXcn1uQw7I54MAx1FH+.1","action":"SyncServerConnectionManagerRequest", "result":"SYNC_SERVER_OK", "context":{"environment":"Prod_japaneast_prod-s01-061-apac-japaneast", "migrationStage":"NotStarted", "server":"akswtt11200000s"}}
{"logTime": "0414/103117", "correlationVector":"zTluXcn1uQw7I54MAx1FH+.2","action":"ProcessGetUpdates", "result":"Done", "context":{"dataType":"Bookmarks", "deleted":"0", "process_failed_to_decrypt":"0", "process_pending_decryption":"0", "process_success":"38", "total":"38"}}
{"logTime": "0414/103117", "correlationVector":"zTluXcn1uQw7I54MAx1FH+.3","action":"GetUpdates Response", "result":"Success", "context":Received 38 update(s). cV=zTluXcn1uQw7I54MAx1FH+.0;server=akswtt11200000s;cloudType=Multitenant;environment=Prod_japaneast_prod-s01-061-apac-japaneast;migrationStage=NotStarted}
{"logTime": "0414/103118", "correlationVector":"X1JsAcMgy6On4RFKAjtS3k","action":"Initial GetUpdates", "result":"", "context":Reason: NEW_CLIENT. cV=X1JsAcMgy6On4RFKAjtS3k}
{"logTime": "0414/103118", "correlationVector":"X1JsAcMgy6On4RFKAjtS3k.1","action":"SyncServerConnectionManagerRequest", "result":"SYNC_SERVER_OK", "context":{"environment":"Prod_japaneast_prod-s01-061-apac-japaneast", "migrationStage":"NotStarted", "server":"akswtt11200000f"}}
{"logTime": "0414/103118", "correlationVector":"X1JsAcMgy6On4RFKAjtS3k.2","action":"ProcessGetUpdates", "result":"Done", "context":{"dataType":"Autofill Profiles", "deleted":"0", "process_failed_to_decrypt":"0", "process_pending_decryption":"0", "process_success":"9", "total":"9"}}
{"logTime": "0414/103118", "correlationVector":"X1JsAcMgy6On4RFKAjtS3k.3","action":"ProcessGetUpdates", "result":"Done", "context":{"dataType":"Autofill", "deleted":"0", "process_failed_to_decrypt":"0", "process_pending_decryption":"0", "process_success":"241", "total":"241"}}
{"logTime": "0414/103118", "correlationVector":"X1JsAcMgy6On4RFKAjtS3k.4","action":"GetUpdates Response", "result":"Success", "context":Received 250 update(s). cV=X1JsAcMgy6On4RFKAjtS3k.0;server=akswtt11200000f;cloudType=Multitenant;environment=Prod_japaneast_prod-s01-061-apac-japaneast;migrationStage=NotStarted Some updates remain.}
{"logTime": "0414/103118", "correlationVector":"bfw1QkdWJk1z2dsdmo9t/3","action":"Initial GetUpdates", "result":"", "context":Reason: NEW_CLIENT. cV=bfw1QkdWJk1z2dsdmo9t/3}
{"logTime": "0414/103118", "correlationVector":"bfw1QkdWJk1z2dsdmo9t/3.1","action":"SyncServerConnectionManagerRequest", "result":"SYNC_SERVER_OK", "context":{"environment":"Prod_japaneast_prod-s01-061-apac-japaneast", "migrationStage":"NotStarted", "server":"akswtt11200000f"}}
{"logTime": "0414/103118", "correlationVector":"bfw1QkdWJk1z2dsdmo9t/3.2","action":"ProcessGetUpdates", "result":"Done", "context":{"dataType":"Autofill", "deleted":"0", "process_failed_to_decrypt":"0", "process_pending_decryption":"0", "process_success":"250", "total":"250"}}
{"logTime": "0414/103118", "correlationVector":"bfw1QkdWJk1z2dsdmo9t/3.3","action":"GetUpdates Response", "result":"Success", "context":Received 250 update(s). cV=bfw1QkdWJk1z2dsdmo9t/3.0;server=akswtt11200000f;cloudType=Multitenant;environment=Prod_japaneast_prod-s01-061-apac-japaneast;migrationStage=NotStarted Some updates remain.}
{"logTime": "0414/103118", "correlationVector":"oGLCMogbFJjOO6RFGIs+z9","action":"Initial GetUpdates", "result":"", "context":Reason: NEW_CLIENT. cV=oGLCMogbFJjOO6RFGIs+z9}
{"logTime": "0414/103119", "correlationVector":"oGLCMogbFJjOO6RFGIs+z9.1","action":"SyncServerConnectionManagerRequest", "result":"SYNC_SERVER_OK", "context":{"environment":"Prod_japaneast_prod-s01-061-apac-japaneast", "migrationStage":"NotStarted", "server":"akswtt11200000d"}}
{"logTime": "0414/103119", "correlationVector":"oGLCMogbFJjOO6RFGIs+z9.2","action":"ProcessGetUpdates", "result":"Done", "context":{"dataType":"Autofill", "deleted":"0", "process_failed_to_decrypt":"0", "process_pending_decryption":"0", "process_success":"250", "total":"250"}}
{"logTime": "0414/103119", "correlationVector":"oGLCMogbFJjOO6RFGIs+z9.3","action":"GetUpdates Response", "result":"Success", "context":Received 250 update(s). cV=oGLCMogbFJjOO6RFGIs+z9.0;server=akswtt11200000d;cloudType=Multitenant;environment=Prod_japaneast_prod-s01-061-apac-japaneast;migrationStage=NotStarted Some updates remain.}
{"logTime": "0414/103119", "correlationVector":"lAENNHloLT/GpB69aX1HzH","action":"Initial GetUpdates", "result":"", "context":Reason: NEW_CLIENT. cV=lAENNHloLT/GpB69aX1HzH}
{"logTime": "0414/103119", "correlationVector":"lAENNHloLT/GpB69aX1HzH.1","action":"SyncServerConnectionManagerRequest", "result":"SYNC_SERVER_OK", "context":{"environment":"Prod_japaneast_prod-s01-061-apac-japaneast", "migrationStage":"NotStarted", "server":"akswtt11200001k"}}
{"logTime": "0414/103119", "correlationVector":"lAENNHloLT/GpB69aX1HzH.2","action":"ProcessGetUpdates", "result":"Done", "context":{"dataType":"Autofill", "deleted":"0", "process_failed_to_decrypt":"0", "process_pending_decryption":"0", "process_success":"250", "total":"250"}}
{"logTime": "0414/103119", "correlationVector":"lAENNHloLT/GpB69aX1HzH.3","action":"GetUpdates Response", "result":"Success", "context":Received 250 update(s). cV=lAENNHloLT/GpB69aX1HzH.0;server=akswtt11200001k;cloudType=Multitenant;environment=Prod_japaneast_prod-s01-061-apac-japaneast;migrationStage=NotStarted Some updates remain.}
{"logTime": "0414/103119", "correlationVector":"rVYCRpVN8RWwZ8yLJYMXkd","action":"Initial GetUpdates", "result":"", "context":Reason: NEW_CLIENT. cV=rVYCRpVN8RWwZ8yLJYMXkd}
{"logTime": "0414/103119", "correlationVector":"rVYCRpVN8RWwZ8yLJYMXkd","action":"SyncServerConnectionManagerRequest", "result":"CONNECTION_UNAVAILABLE", "context":{"error_type":"net_error_code", "error_value":"-3"}}
