{"logTime": "0414/100017", "correlationVector":"gb8fJr1JfcunqxG7bxM7k6.1","action":"SyncServerConnectionManagerRequest", "result":"SYNC_SERVER_OK", "context":{"environment":"Prod_japaneast_prod-s01-061-apac-japaneast", "migrationStage":"NotStarted", "server":"akswtt112000003"}}
{"logTime": "0414/100019", "correlationVector":"gb8fJr1JfcunqxG7bxM7k6.2","action":"AAD.Mip.Unpack", "result":"Success", "context":MIP_CLOUD_COMMERCIAL:Success}
{"logTime": "0414/100019", "correlationVector":"gb8fJr1JfcunqxG7bxM7k6.3","action":"EncryptionKeysManager::SetEncryptionKeys:", "result":"Success", "context":Key names[9]:[9wauk65INceAsamZTr8pEGzvG+0Q+SUN+C9Dm5oYViRvItzNqs/RCpUj+MgGJ67b8pco7kh6TpkWWK7N32sWAA==][xBepi3ZGYp+A7euULpb9BuQohR8lrc3bEbPatxYeCKQcvOhPOEe7HOug0Qwah+2oz7T3s/fauS0/MkVDC2ihqQ==][mm51QZaB1rQV7mkoK64SzqaitDYGSYF1KC+F/bVrU6MmebHHNawYJa4E+YXktiiExOqGOXoJRTmN4HY1PjnWBw==][CGq9EifzDZLS4rT9oXFnxz4t8oGcp5cNupRUjqKXrASLbxBzU+3x7t6zuivGM+jscUhuKBkaEeI2O8/pgAQZgQ==][3/cV2S5mHdKqSCMderShxudoL+KAcqC/3/EtXjZ7K5IxyqJfNuRsR9afxhVSon22S0wcYkEmSThJ/U8JPFB8pQ==][prq3QR+OfwE2Vyb5rcFk7Kext8nGh7qYuDa1ZNtEE8DcvqMcYYc10qffwn27QICzl+RczLBIA4zVhls8lrlerA==][cWL4C/zWH7/S3BDAiQJRX8LALYmDuGhYjQbvV645+NRVl18vgQCIFcfOPswWYM9E1oWIPcbzMycQSyQ5QD24Jw==][hV1ucB/mWiXk+uL8d9j9+cje/5mrwZen5UtpxWFg3OZyMc0uXwY0DWcXUOpvsFONJgUhJBSjVZuFS/p3kR24Eg==][na7SkxgW/BUEFGZRa+p91UdGiV8PqU8DtCP6ZR6i8Oc3pWNZvp9o6uk4J39IbjCMdhKvllDVq0d6c+fsaG+WSQ==]}
{"logTime": "0414/100019", "correlationVector":"gb8fJr1JfcunqxG7bxM7k6.4","action":"AAD.GetKeyResponse", "result":"Success", "context":Keys=9.LastKeyStatus=Active. 2025-11-27 09:01:35 +09.State=None. Tags: Current_encryption_keys_tag = 77+9FhZ877+9Bu+/vdCj77+977+977+977+9Pe+/vStb360Tde+/vSfvv70f77+9ZO+/ve+/vUDvv73vv70=, Updated_current_encryption_keys_tag = Empty. Emails: ["a517952@i2.win.isuzu.co.jp"]}
{"logTime": "0414/100019", "correlationVector":"gb8fJr1JfcunqxG7bxM7k6.5","action":"ProcessGetUpdates", "result":"Done", "context":{"dataType":"Encryption Keys", "deleted":"0", "process_failed_to_decrypt":"0", "process_pending_decryption":"0", "process_success":"1", "total":"1"}}
{"logTime": "0414/100019", "correlationVector":"gb8fJr1JfcunqxG7bxM7k6","action":"Initial GetUpdates", "result":"", "context":Reason: NEW_CLIENT. cV=gb8fJr1JfcunqxG7bxM7k6}
{"logTime": "0414/100019", "correlationVector":"gb8fJr1JfcunqxG7bxM7k6.6","action":"GetUpdates Response", "result":"Success", "context":Received 1 update(s). cV=gb8fJr1JfcunqxG7bxM7k6.0;server=akswtt112000003;cloudType=Multitenant;environment=Prod_japaneast_prod-s01-061-apac-japaneast;migrationStage=NotStarted}
{"logTime": "0414/100019", "correlationVector":"UrW4GZuKJEqHmsLZnRF88/","action":"Initial GetUpdates", "result":"", "context":Reason: NEW_CLIENT. cV=UrW4GZuKJEqHmsLZnRF88/}
{"logTime": "0414/100019", "correlationVector":"UrW4GZuKJEqHmsLZnRF88/.1","action":"SyncServerConnectionManagerRequest", "result":"SYNC_SERVER_OK", "context":{"environment":"Prod_japaneast_prod-s01-061-apac-japaneast", "migrationStage":"NotStarted", "server":"akswtt112000005"}}
{"logTime": "0414/100019", "correlationVector":"UrW4GZuKJEqHmsLZnRF88/.2","action":"ProcessGetUpdates", "result":"Done", "context":{"dataType":"Preferences", "deleted":"0", "process_failed_to_decrypt":"0", "process_pending_decryption":"0", "process_success":"88", "total":"88"}}
{"logTime": "0414/100019", "correlationVector":"UrW4GZuKJEqHmsLZnRF88/.3","action":"ProcessGetUpdates", "result":"Done", "context":{"dataType":"Passwords", "deleted":"0", "process_failed_to_decrypt":"0", "process_pending_decryption":"0", "process_success":"85", "total":"85"}}
{"logTime": "0414/100019", "correlationVector":"UrW4GZuKJEqHmsLZnRF88/.4","action":"ProcessGetUpdates", "result":"Done", "context":{"dataType":"Device Info", "deleted":"0", "process_failed_to_decrypt":"0", "process_pending_decryption":"0", "process_success":"8", "total":"8"}}
{"logTime": "0414/100020", "correlationVector":"UrW4GZuKJEqHmsLZnRF88/.5","action":"GetUpdates Response", "result":"Success", "context":Received 181 update(s). cV=UrW4GZuKJEqHmsLZnRF88/.0;server=akswtt112000005;cloudType=Multitenant;environment=Prod_japaneast_prod-s01-061-apac-japaneast;migrationStage=NotStarted}
{"logTime": "0414/100020", "correlationVector":"/V+/TDPuTV9jY+t2aEcHI9","action":"Initial GetUpdates", "result":"", "context":Reason: NEW_CLIENT. cV=/V+/TDPuTV9jY+t2aEcHI9}
{"logTime": "0414/100020", "correlationVector":"/V+/TDPuTV9jY+t2aEcHI9.1","action":"SyncServerConnectionManagerRequest", "result":"SYNC_SERVER_OK", "context":{"environment":"Prod_japaneast_prod-s01-061-apac-japaneast", "migrationStage":"NotStarted", "server":"akswtt112000001"}}
{"logTime": "0414/100020", "correlationVector":"/V+/TDPuTV9jY+t2aEcHI9.2","action":"ProcessGetUpdates", "result":"Done", "context":{"dataType":"Bookmarks", "deleted":"0", "process_failed_to_decrypt":"0", "process_pending_decryption":"0", "process_success":"38", "total":"38"}}
{"logTime": "0414/100020", "correlationVector":"/V+/TDPuTV9jY+t2aEcHI9.3","action":"GetUpdates Response", "result":"Success", "context":Received 38 update(s). cV=/V+/TDPuTV9jY+t2aEcHI9.0;server=akswtt112000001;cloudType=Multitenant;environment=Prod_japaneast_prod-s01-061-apac-japaneast;migrationStage=NotStarted}
{"logTime": "0414/100020", "correlationVector":"05lAbYDOeo+fZGTW92zQ5B","action":"Initial GetUpdates", "result":"", "context":Reason: NEW_CLIENT. cV=05lAbYDOeo+fZGTW92zQ5B}
{"logTime": "0414/100020", "correlationVector":"05lAbYDOeo+fZGTW92zQ5B.1","action":"SyncServerConnectionManagerRequest", "result":"SYNC_SERVER_OK", "context":{"environment":"Prod_japaneast_prod-s01-061-apac-japaneast", "migrationStage":"NotStarted", "server":"akswtt11200001k"}}
{"logTime": "0414/100020", "correlationVector":"05lAbYDOeo+fZGTW92zQ5B.2","action":"ProcessGetUpdates", "result":"Done", "context":{"dataType":"Autofill Profiles", "deleted":"0", "process_failed_to_decrypt":"0", "process_pending_decryption":"0", "process_success":"9", "total":"9"}}
{"logTime": "0414/100020", "correlationVector":"05lAbYDOeo+fZGTW92zQ5B.3","action":"ProcessGetUpdates", "result":"Done", "context":{"dataType":"Autofill", "deleted":"0", "process_failed_to_decrypt":"0", "process_pending_decryption":"0", "process_success":"241", "total":"241"}}
{"logTime": "0414/100020", "correlationVector":"05lAbYDOeo+fZGTW92zQ5B.4","action":"GetUpdates Response", "result":"Success", "context":Received 250 update(s). cV=05lAbYDOeo+fZGTW92zQ5B.0;server=akswtt11200001k;cloudType=Multitenant;environment=Prod_japaneast_prod-s01-061-apac-japaneast;migrationStage=NotStarted Some updates remain.}
{"logTime": "0414/100020", "correlationVector":"1Bc2BE2iF0nMY3KbkBF/4c","action":"Initial GetUpdates", "result":"", "context":Reason: NEW_CLIENT. cV=1Bc2BE2iF0nMY3KbkBF/4c}
{"logTime": "0414/100021", "correlationVector":"1Bc2BE2iF0nMY3KbkBF/4c.1","action":"SyncServerConnectionManagerRequest", "result":"SYNC_SERVER_OK", "context":{"environment":"Prod_japaneast_prod-s01-061-apac-japaneast", "migrationStage":"NotStarted", "server":"akswtt11200000b"}}
{"logTime": "0414/100021", "correlationVector":"1Bc2BE2iF0nMY3KbkBF/4c.2","action":"ProcessGetUpdates", "result":"Done", "context":{"dataType":"Autofill", "deleted":"0", "process_failed_to_decrypt":"0", "process_pending_decryption":"0", "process_success":"250", "total":"250"}}
{"logTime": "0414/100021", "correlationVector":"1Bc2BE2iF0nMY3KbkBF/4c.3","action":"GetUpdates Response", "result":"Success", "context":Received 250 update(s). cV=1Bc2BE2iF0nMY3KbkBF/4c.0;server=akswtt11200000b;cloudType=Multitenant;environment=Prod_japaneast_prod-s01-061-apac-japaneast;migrationStage=NotStarted Some updates remain.}
{"logTime": "0414/100021", "correlationVector":"WMXBtkPhxzF+1pVkrgbuBx","action":"Initial GetUpdates", "result":"", "context":Reason: NEW_CLIENT. cV=WMXBtkPhxzF+1pVkrgbuBx}
{"logTime": "0414/100021", "correlationVector":"WMXBtkPhxzF+1pVkrgbuBx.1","action":"SyncServerConnectionManagerRequest", "result":"SYNC_SERVER_OK", "context":{"environment":"Prod_japaneast_prod-s01-061-apac-japaneast", "migrationStage":"NotStarted", "server":"akswtt11200000p"}}
{"logTime": "0414/100021", "correlationVector":"WMXBtkPhxzF+1pVkrgbuBx.2","action":"ProcessGetUpdates", "result":"Done", "context":{"dataType":"Autofill", "deleted":"0", "process_failed_to_decrypt":"0", "process_pending_decryption":"0", "process_success":"250", "total":"250"}}
{"logTime": "0414/100021", "correlationVector":"WMXBtkPhxzF+1pVkrgbuBx.3","action":"GetUpdates Response", "result":"Success", "context":Received 250 update(s). cV=WMXBtkPhxzF+1pVkrgbuBx.0;server=akswtt11200000p;cloudType=Multitenant;environment=Prod_japaneast_prod-s01-061-apac-japaneast;migrationStage=NotStarted Some updates remain.}
{"logTime": "0414/100021", "correlationVector":"ZLodQZArTQXrsJ0f+j9SgR","action":"Initial GetUpdates", "result":"", "context":Reason: NEW_CLIENT. cV=ZLodQZArTQXrsJ0f+j9SgR}
{"logTime": "0414/100021", "correlationVector":"ZLodQZArTQXrsJ0f+j9SgR.1","action":"SyncServerConnectionManagerRequest", "result":"SYNC_SERVER_OK", "context":{"environment":"Prod_japaneast_prod-s01-061-apac-japaneast", "migrationStage":"NotStarted", "server":"akswtt112000023"}}
{"logTime": "0414/100021", "correlationVector":"ZLodQZArTQXrsJ0f+j9SgR.2","action":"ProcessGetUpdates", "result":"Done", "context":{"dataType":"Autofill", "deleted":"0", "process_failed_to_decrypt":"0", "process_pending_decryption":"0", "process_success":"250", "total":"250"}}
{"logTime": "0414/100021", "correlationVector":"ZLodQZArTQXrsJ0f+j9SgR.3","action":"GetUpdates Response", "result":"Success", "context":Received 250 update(s). cV=ZLodQZArTQXrsJ0f+j9SgR.0;server=akswtt112000023;cloudType=Multitenant;environment=Prod_japaneast_prod-s01-061-apac-japaneast;migrationStage=NotStarted Some updates remain.}
{"logTime": "0414/100021", "correlationVector":"zvIpVl7SONpeXDuP6vFKXw","action":"Initial GetUpdates", "result":"", "context":Reason: NEW_CLIENT. cV=zvIpVl7SONpeXDuP6vFKXw}
{"logTime": "0414/100022", "correlationVector":"zvIpVl7SONpeXDuP6vFKXw.1","action":"SyncServerConnectionManagerRequest", "result":"SYNC_SERVER_OK", "context":{"environment":"Prod_japaneast_prod-s01-061-apac-japaneast", "migrationStage":"NotStarted", "server":"akswtt112000023"}}
{"logTime": "0414/100022", "correlationVector":"zvIpVl7SONpeXDuP6vFKXw.2","action":"ProcessGetUpdates", "result":"Done", "context":{"dataType":"Autofill", "deleted":"0", "process_failed_to_decrypt":"0", "process_pending_decryption":"0", "process_success":"175", "total":"175"}}
{"logTime": "0414/100022", "correlationVector":"zvIpVl7SONpeXDuP6vFKXw.3","action":"GetUpdates Response", "result":"Success", "context":Received 175 update(s). cV=zvIpVl7SONpeXDuP6vFKXw.0;server=akswtt112000023;cloudType=Multitenant;environment=Prod_japaneast_prod-s01-061-apac-japaneast;migrationStage=NotStarted Some updates remain.}
{"logTime": "0414/100022", "correlationVector":"vh7X1Z1R0bTJHXKTX4tjXp","action":"Initial GetUpdates", "result":"", "context":Reason: NEW_CLIENT. cV=vh7X1Z1R0bTJHXKTX4tjXp}
{"logTime": "0414/100022", "correlationVector":"vh7X1Z1R0bTJHXKTX4tjXp.1","action":"SyncServerConnectionManagerRequest", "result":"SYNC_SERVER_OK", "context":{"environment":"Prod_japaneast_prod-s01-061-apac-japaneast", "migrationStage":"NotStarted", "server":"akswtt11200000v"}}
{"logTime": "0414/100022", "correlationVector":"vh7X1Z1R0bTJHXKTX4tjXp.2","action":"ProcessGetUpdates", "result":"Done", "context":{"dataType":"Autofill", "deleted":"0", "process_failed_to_decrypt":"0", "process_pending_decryption":"0", "process_success":"19", "total":"19"}}
{"logTime": "0414/100022", "correlationVector":"vh7X1Z1R0bTJHXKTX4tjXp.3","action":"GetUpdates Response", "result":"Success", "context":Received 19 update(s). cV=vh7X1Z1R0bTJHXKTX4tjXp.0;server=akswtt11200000v;cloudType=Multitenant;environment=Prod_japaneast_prod-s01-061-apac-japaneast;migrationStage=NotStarted Some updates remain.}
{"logTime": "0414/100022", "correlationVector":"XzKaF+LQocBVBBDvercArY","action":"Initial GetUpdates", "result":"", "context":Reason: NEW_CLIENT. cV=XzKaF+LQocBVBBDvercArY}
{"logTime": "0414/100022", "correlationVector":"XzKaF+LQocBVBBDvercArY.1","action":"SyncServerConnectionManagerRequest", "result":"SYNC_SERVER_OK", "context":{"environment":"Prod_japaneast_prod-s01-061-apac-japaneast", "migrationStage":"NotStarted", "server":"akswtt11200001k"}}
{"logTime": "0414/100022", "correlationVector":"XzKaF+LQocBVBBDvercArY.2","action":"ProcessGetUpdates", "result":"Done", "context":{"dataType":"Autofill", "deleted":"0", "process_failed_to_decrypt":"0", "process_pending_decryption":"0", "process_success":"60", "total":"60"}}
{"logTime": "0414/100022", "correlationVector":"XzKaF+LQocBVBBDvercArY.3","action":"GetUpdates Response", "result":"Success", "context":Received 60 update(s). cV=XzKaF+LQocBVBBDvercArY.0;server=akswtt11200001k;cloudType=Multitenant;environment=Prod_japaneast_prod-s01-061-apac-japaneast;migrationStage=NotStarted Some updates remain.}
{"logTime": "0414/100022", "correlationVector":"fNycSvFrNdJgiSR1y57a9i","action":"Initial GetUpdates", "result":"", "context":Reason: NEW_CLIENT. cV=fNycSvFrNdJgiSR1y57a9i}
{"logTime": "0414/100023", "correlationVector":"fNycSvFrNdJgiSR1y57a9i","action":"SyncServerConnectionManagerRequest", "result":"CONNECTION_UNAVAILABLE", "context":{"error_type":"net_error_code", "error_value":"-3"}}
